K AW1 CH
=====
HH OW1 M L AH0 S
=====
DONE! (2 words)
