=====
T AH0 M EY1 T OW2
T AH0 M AA1 T OW2
=====
DONE! (1 words)
