G R IY1 N
G L UW1
=====
B AE1 G
B EY1 G AH0 L
=====
DONE! (4 words)
